
 /----------------------------------------------------------------------------\
 |  yosys -- Yosys Open SYnthesis Suite                                       |
 |  Copyright (C) 2012 - 2025  Claire Xenia Wolf <claire@yosyshq.com>         |
 |  Distributed under an ISC-like license, type "license" to see terms        |
 \----------------------------------------------------------------------------/
 Yosys 0.53+39 (git sha1 388955031, clang++ 18.1.8 -fPIC -O3)

-- Executing script file `-' --
[TCL: yosys -import] Command name collision: found pre-existing command `cd' -> skip.
[TCL: yosys -import] Command name collision: found pre-existing command `eval' -> skip.
[TCL: yosys -import] Command name collision: found pre-existing command `exec' -> skip.
[TCL: yosys -import] Command name collision: found pre-existing command `read' -> skip.
[TCL: yosys -import] Command name collision: found pre-existing command `trace' -> skip.

1. Executing Verilog-2005 frontend: .././output_synth_wsl/accelerator-909MHz/accelerator.netlist.fixed.v
Parsing Verilog input from `.././output_synth_wsl/accelerator-909MHz/accelerator.netlist.fixed.v' to AST representation.
Generating RTLIL representation for module `\accelerator'.
Successfully finished Verilog frontend.

2. Executing Liberty frontend: /data/stu25/s2300012738/lab8/yosys-sta/scripts/../pdk/nangate45/lib/Nangate45_typ.lib
Imported 134 cell types from liberty file.

3. Executing HIERARCHY pass (managing design hierarchy).

3.1. Analyzing design hierarchy..
Top module:  \accelerator

3.2. Analyzing design hierarchy..
Top module:  \accelerator
Removed 0 unused modules.

4. Executing CHECK pass (checking for obvious problems).
Checking module accelerator...
Warning: multiple conflicting drivers for accelerator.\sram_a_ping_raddr [0]:
    port Z[0] of cell fanout_buf_692 (BUF_X8)
    port Z[0] of cell fanout_buf_681 (BUF_X8)
    port Q[0] of cell u_data_formatter.time_cnt_q_$_DFFE_PN0P__Q_5 (DFFR_X1)
Warning: multiple conflicting drivers for accelerator.\sram_a_ping_raddr [17]:
    port Z[0] of cell fanout_buf_700 (BUF_X8)
    port Z[0] of cell fanout_buf_693 (BUF_X8)
    port Q[0] of cell u_data_formatter.time_cnt_q_$_DFFE_PN0P__Q_4 (DFFR_X1)
Warning: multiple conflicting drivers for accelerator.\sram_a_ping_raddr [2]:
    port Z[0] of cell fanout_buf_701 (BUF_X8)
    port Q[0] of cell u_data_formatter.time_cnt_q_$_DFFE_PN0P__Q_3 (DFFR_X1)
Warning: multiple conflicting drivers for accelerator.\sram_a_ping_raddr [35]:
    port Z[0] of cell fanout_buf_702 (BUF_X8)
    port QN[0] of cell u_data_formatter.time_cnt_q_$_DFFE_PN0P__Q_2 (DFFR_X1)
Warning: Wire accelerator.\sram_b_pong_raddr [49] is used but has no driver.
Warning: Wire accelerator.\sram_b_pong_raddr [35] is used but has no driver.
Warning: Wire accelerator.\sram_b_pong_raddr [34] is used but has no driver.
Warning: Wire accelerator.\sram_b_pong_raddr [8] is used but has no driver.
Found and reported 8 problems.

5. Printing statistics.

=== accelerator ===

   Number of wires:             250487
   Number of wire bits:         257113
   Number of public wires:      250487
   Number of public wire bits:  257113
   Number of ports:                 48
   Number of port bits:           3458
   Number of memories:               0
   Number of memory bits:            0
   Number of processes:              0
   Number of cells:             226105
     AND2_X1                     19022
     AND2_X2                       808
     AND2_X4                      1074
     AND3_X1                      5555
     AND3_X2                        79
     AND3_X4                       558
     AND4_X1                      1002
     AND4_X2                         1
     AND4_X4                         1
     AOI211_X1                    2889
     AOI211_X2                      90
     AOI21_X1                     9930
     AOI21_X2                      869
     AOI21_X4                      791
     AOI221_X1                      37
     AOI221_X2                      41
     AOI221_X4                    1226
     AOI22_X1                     2981
     AOI22_X4                        1
     BUF_X16                         6
     BUF_X2                        298
     BUF_X4                       3043
     BUF_X8                       1112
     CLKBUF_X2                     357
     CLKBUF_X3                       2
     CLKGATE_X1                    282
     DFFR_X1                     18820
     DFFS_X1                         5
     DFF_X1                       9472
     INV_X1                      10780
     INV_X16                       118
     INV_X2                        802
     INV_X4                         78
     INV_X8                          1
     LOGIC0_X1                       1
     LOGIC1_X1                       1
     MUX2_X1                      1372
     NAND2_X1                    37687
     NAND2_X2                     1993
     NAND2_X4                     1042
     NAND3_X1                     5926
     NAND3_X2                       74
     NAND3_X4                      203
     NAND4_X1                      735
     NAND4_X2                        4
     NAND4_X4                       30
     NOR2_X1                     16052
     NOR2_X2                       772
     NOR2_X4                       559
     NOR3_X1                      3545
     NOR3_X2                       270
     NOR3_X4                        89
     NOR4_X1                       229
     NOR4_X2                         6
     NOR4_X4                         8
     OAI211_X1                     911
     OAI211_X2                      18
     OAI211_X4                      12
     OAI21_X1                     6154
     OAI21_X2                     1110
     OAI21_X4                      514
     OAI221_X1                      75
     OAI22_X1                      244
     OAI22_X2                       14
     OAI22_X4                       83
     OR2_X1                       2825
     OR2_X2                        153
     OR2_X4                        203
     OR3_X1                       2585
     OR3_X2                         52
     OR3_X4                        120
     OR4_X1                        101
     XNOR2_X1                    18411
     XNOR2_X2                      606
     XOR2_X1                     28140
     XOR2_X2                      1045

   Chip area for module '\accelerator': 388103.842002
     of which used for sequential elements: 142981.384000 (36.84%)

Warnings: 8 unique messages, 8 total
End of script. Logfile hash: 8e674de87b, CPU: user 24.51s system 0.80s, MEM: 2275.29 MB peak
Yosys 0.53+39 (git sha1 388955031, clang++ 18.1.8 -fPIC -O3)
Time spent: 95% 2x read_verilog (24 sec), 1% 1x hierarchy (0 sec), ...
