[0] [TB] A and B tiles Initialized.
[0] [TB] Expected C_tile (C00) calculated.
[0] [TB] Testbench Initialized.
[50000] [TB] Reset Released. SRAM C should be zeroed.
[50000] [TB_K_ITER_START] Starting K-iteration 0 / 2
[65000] [TB_K_ITER] compute_req pulsed for K-iter 0. Waiting for start_pass...
[65000] [TB_K_ITER] ctrl_start_new_systolic_pass detected for K-iter 0! Simulating data formatter...
------------------------------------------------------------------------------------
[65000] [TB_FEED_CYCLE_START] K_iter=0, t_feed=0
[75000] [TB_FEED_SA_SEES] K_iter=0, t_feed=0 (Data on bus)
                      formatter_valid_out_to_sa: 1
------------------------------------------------------------------------------------
[75000] [TB_FEED_CYCLE_START] K_iter=0, t_feed=1
[85000] [TB_FEED_SA_SEES] K_iter=0, t_feed=1 (Data on bus)
                      formatter_valid_out_to_sa: 1
------------------------------------------------------------------------------------
[85000] [TB_FEED_CYCLE_START] K_iter=0, t_feed=2
[95000] [TB_FEED_SA_SEES] K_iter=0, t_feed=2 (Data on bus)
                      formatter_valid_out_to_sa: 1
------------------------------------------------------------------------------------
[345000] [TB_FEED_CYCLE_START] K_iter=0, t_feed=28
[355000] [TB_FEED_SA_SEES] K_iter=0, t_feed=28 (Data on bus)
                      formatter_valid_out_to_sa: 1
------------------------------------------------------------------------------------
[355000] [TB_FEED_CYCLE_START] K_iter=0, t_feed=29
[365000] [TB_FEED_SA_SEES] K_iter=0, t_feed=29 (Data on bus)
                      formatter_valid_out_to_sa: 1
------------------------------------------------------------------------------------
[365000] [TB_FEED_CYCLE_START] K_iter=0, t_feed=30
[375000] [TB_FEED_SA_SEES] K_iter=0, t_feed=30 (Data on bus)
                      formatter_valid_out_to_sa: 1
[375000] [TB_K_ITER] Data feeding for K-iter 0 finished. Waiting for compute_done...
[455000] [SRAM_C_WRITE] WE: 1, Addr:  0, WData[0]=       212, WData[1]=       183
[465000] [SRAM_C_WRITE] WE: 1, Addr:  1, WData[0]=       184, WData[1]=       210
[475000] [SRAM_C_WRITE] WE: 1, Addr:  2, WData[0]=       171, WData[1]=       180
[485000] [SRAM_C_WRITE] WE: 1, Addr:  3, WData[0]=       173, WData[1]=       165
[495000] [SRAM_C_WRITE] WE: 1, Addr:  4, WData[0]=       190, WData[1]=       165
[505000] [SRAM_C_WRITE] WE: 1, Addr:  5, WData[0]=       212, WData[1]=       180
[515000] [SRAM_C_WRITE] WE: 1, Addr:  6, WData[0]=       184, WData[1]=       210
[525000] [SRAM_C_WRITE] WE: 1, Addr:  7, WData[0]=       171, WData[1]=       180
[535000] [SRAM_C_WRITE] WE: 1, Addr:  8, WData[0]=       173, WData[1]=       165
[545000] [SRAM_C_WRITE] WE: 1, Addr:  9, WData[0]=       190, WData[1]=       165
[555000] [SRAM_C_WRITE] WE: 1, Addr: 10, WData[0]=       212, WData[1]=       180
[565000] [SRAM_C_WRITE] WE: 1, Addr: 11, WData[0]=       184, WData[1]=       210
[575000] [SRAM_C_WRITE] WE: 1, Addr: 12, WData[0]=       171, WData[1]=       180
[585000] [SRAM_C_WRITE] WE: 1, Addr: 13, WData[0]=       173, WData[1]=       165
[595000] [SRAM_C_WRITE] WE: 1, Addr: 14, WData[0]=       190, WData[1]=       165
[605000] [SRAM_C_WRITE] WE: 1, Addr: 15, WData[0]=       212, WData[1]=       180
[605000] [TB_K_ITER] compute_done was asserted for K-iter 0!
[605000] [TB_K_ITER_END] K-iteration 0 completed. SRAM C should be updated.
[605000] [TB_K_ITER_START] Starting K-iteration 1 / 2
[625000] [SRAM_C_WRITE] WE: 1, Addr:  0, WData[0]=       424, WData[1]=       366
[625000] [TB_K_ITER] compute_req pulsed for K-iter 1. Waiting for start_pass...
[625000] [TB_K_ITER] ctrl_start_new_systolic_pass detected for K-iter 1! Simulating data formatter...
------------------------------------------------------------------------------------
[625000] [TB_FEED_CYCLE_START] K_iter=1, t_feed=0
[635000] [TB_FEED_SA_SEES] K_iter=1, t_feed=0 (Data on bus)
                      formatter_valid_out_to_sa: 1
------------------------------------------------------------------------------------
[635000] [TB_FEED_CYCLE_START] K_iter=1, t_feed=1
[635000] [SRAM_C_WRITE] WE: 1, Addr:  1, WData[0]=       368, WData[1]=       420
[645000] [TB_FEED_SA_SEES] K_iter=1, t_feed=1 (Data on bus)
                      formatter_valid_out_to_sa: 1
------------------------------------------------------------------------------------
[645000] [TB_FEED_CYCLE_START] K_iter=1, t_feed=2
[655000] [TB_FEED_SA_SEES] K_iter=1, t_feed=2 (Data on bus)
                      formatter_valid_out_to_sa: 1
[655000] [SRAM_C_WRITE] WE: 1, Addr:  3, WData[0]=       346, WData[1]=       330
------------------------------------------------------------------------------------
[905000] [TB_FEED_CYCLE_START] K_iter=1, t_feed=28
[915000] [TB_FEED_SA_SEES] K_iter=1, t_feed=28 (Data on bus)
                      formatter_valid_out_to_sa: 1
------------------------------------------------------------------------------------
[915000] [TB_FEED_CYCLE_START] K_iter=1, t_feed=29
[925000] [TB_FEED_SA_SEES] K_iter=1, t_feed=29 (Data on bus)
                      formatter_valid_out_to_sa: 1
------------------------------------------------------------------------------------
[925000] [TB_FEED_CYCLE_START] K_iter=1, t_feed=30
[935000] [TB_FEED_SA_SEES] K_iter=1, t_feed=30 (Data on bus)
                      formatter_valid_out_to_sa: 1
[935000] [TB_K_ITER] Data feeding for K-iter 1 finished. Waiting for compute_done...
[1015000] [SRAM_C_WRITE] WE: 1, Addr:  0, WData[0]=       640, WData[1]=       554
[1025000] [SRAM_C_WRITE] WE: 1, Addr:  1, WData[0]=       557, WData[1]=       630
[1035000] [SRAM_C_WRITE] WE: 1, Addr:  2, WData[0]=       348, WData[1]=       360
[1045000] [SRAM_C_WRITE] WE: 1, Addr:  3, WData[0]=       526, WData[1]=       495
[1055000] [SRAM_C_WRITE] WE: 1, Addr:  4, WData[0]=       373, WData[1]=       330
[1065000] [SRAM_C_WRITE] WE: 1, Addr:  5, WData[0]=       428, WData[1]=       360
[1075000] [SRAM_C_WRITE] WE: 1, Addr:  6, WData[0]=       373, WData[1]=       420
[1085000] [SRAM_C_WRITE] WE: 1, Addr:  7, WData[0]=       348, WData[1]=       360
[1095000] [SRAM_C_WRITE] WE: 1, Addr:  8, WData[0]=       353, WData[1]=       330
[1105000] [SRAM_C_WRITE] WE: 1, Addr:  9, WData[0]=       373, WData[1]=       330
[1115000] [SRAM_C_WRITE] WE: 1, Addr: 10, WData[0]=       428, WData[1]=       360
[1125000] [SRAM_C_WRITE] WE: 1, Addr: 11, WData[0]=       373, WData[1]=       420
[1135000] [SRAM_C_WRITE] WE: 1, Addr: 12, WData[0]=       348, WData[1]=       360
[1135000] [TB_K_ITER] compute_done was asserted for K-iter 1!
[1135000] [TB_K_ITER_END] K-iteration 1 completed. SRAM C should be updated.
[1135000] [TB_K_ITER_START] Starting K-iteration 2 / 2
[1145000] [SRAM_C_WRITE] WE: 1, Addr: 13, WData[0]=       353, WData[1]=       330
[1155000] [SRAM_C_WRITE] WE: 1, Addr: 14, WData[0]=       373, WData[1]=       330
[1155000] [TB_K_ITER] compute_req pulsed for K-iter 2. Waiting for start_pass...
[1155000] [TB_K_ITER] ctrl_start_new_systolic_pass detected for K-iter 2! Simulating data formatter...
------------------------------------------------------------------------------------
[1155000] [TB_FEED_CYCLE_START] K_iter=2, t_feed=0
[1165000] [TB_FEED_SA_SEES] K_iter=2, t_feed=0 (Data on bus)
                      formatter_valid_out_to_sa: 1
------------------------------------------------------------------------------------
[1165000] [TB_FEED_CYCLE_START] K_iter=2, t_feed=1
[1165000] [SRAM_C_WRITE] WE: 1, Addr: 15, WData[0]=       428, WData[1]=       360
[1175000] [TB_FEED_SA_SEES] K_iter=2, t_feed=1 (Data on bus)
                      formatter_valid_out_to_sa: 1
------------------------------------------------------------------------------------
[1175000] [TB_FEED_CYCLE_START] K_iter=2, t_feed=2
[1185000] [TB_FEED_SA_SEES] K_iter=2, t_feed=2 (Data on bus)
                      formatter_valid_out_to_sa: 1
[1185000] [SRAM_C_WRITE] WE: 1, Addr:  0, WData[0]=       856, WData[1]=       742
------------------------------------------------------------------------------------
[1435000] [TB_FEED_CYCLE_START] K_iter=2, t_feed=28
[1445000] [TB_FEED_SA_SEES] K_iter=2, t_feed=28 (Data on bus)
                      formatter_valid_out_to_sa: 1
------------------------------------------------------------------------------------
[1445000] [TB_FEED_CYCLE_START] K_iter=2, t_feed=29
[1455000] [TB_FEED_SA_SEES] K_iter=2, t_feed=29 (Data on bus)
                      formatter_valid_out_to_sa: 1
------------------------------------------------------------------------------------
[1455000] [TB_FEED_CYCLE_START] K_iter=2, t_feed=30
[1465000] [TB_FEED_SA_SEES] K_iter=2, t_feed=30 (Data on bus)
                      formatter_valid_out_to_sa: 1
[1465000] [TB_K_ITER] Data feeding for K-iter 2 finished. Waiting for compute_done...
[1545000] [SRAM_C_WRITE] WE: 1, Addr:  0, WData[0]=      1078, WData[1]=       937
[1555000] [SRAM_C_WRITE] WE: 1, Addr:  1, WData[0]=       753, WData[1]=       840
[1565000] [SRAM_C_WRITE] WE: 1, Addr:  2, WData[0]=       533, WData[1]=       540
[1575000] [SRAM_C_WRITE] WE: 1, Addr:  3, WData[0]=       695, WData[1]=       660
[1585000] [SRAM_C_WRITE] WE: 1, Addr:  4, WData[0]=       561, WData[1]=       495
[1595000] [SRAM_C_WRITE] WE: 1, Addr:  5, WData[0]=       650, WData[1]=       540
[1605000] [SRAM_C_WRITE] WE: 1, Addr:  6, WData[0]=       569, WData[1]=       630
[1615000] [SRAM_C_WRITE] WE: 1, Addr:  7, WData[0]=       533, WData[1]=       540
[1625000] [SRAM_C_WRITE] WE: 1, Addr:  8, WData[0]=       522, WData[1]=       495
[1635000] [SRAM_C_WRITE] WE: 1, Addr:  9, WData[0]=       561, WData[1]=       495
[1645000] [SRAM_C_WRITE] WE: 1, Addr: 10, WData[0]=       650, WData[1]=       540
[1655000] [SRAM_C_WRITE] WE: 1, Addr: 11, WData[0]=       569, WData[1]=       630
[1665000] [SRAM_C_WRITE] WE: 1, Addr: 12, WData[0]=       533, WData[1]=       540
[1665000] [TB_K_ITER] compute_done was asserted for K-iter 2!
[1665000] [TB_K_ITER_END] K-iteration 2 completed. SRAM C should be updated.
[1665000] [TB] All K-iterations finished. Reading final results from SRAM C...
[1675000] [SRAM_C_WRITE] WE: 1, Addr: 13, WData[0]=       522, WData[1]=       495
[1685000] [SRAM_C_WRITE] WE: 1, Addr: 14, WData[0]=       561, WData[1]=       495
[1695000] [TB_SRAM_READ_B] Cycle 2: raddr_B=  0. Valid rdata_B=000003a900000436. Extracting...
                      Extracted C[0][0] =        1078 (00000436)
                      Extracted C[0][1] =         937 (000003a9)
[1695000] [SRAM_C_WRITE] WE: 1, Addr: 15, WData[0]=       650, WData[1]=       540
[1715000] [TB_SRAM_READ_B] Cycle 2: raddr_B=  1. Valid rdata_B=0000036100000367. Extracting...
                      Extracted C[0][2] =         871 (00000367)
                      Extracted C[0][3] =         865 (00000361)
[1855000] [TB_SRAM_READ_B] Cycle 2: raddr_B=  8. Valid rdata_B=00000348000002f1. Extracting...
                      Extracted C[1][0] =         753 (000002f1)
                      Extracted C[1][1] =         840 (00000348)
[1875000] [TB_SRAM_READ_B] Cycle 2: raddr_B=  9. Valid rdata_B=00000294000002d0. Extracting...
                      Extracted C[1][2] =         720 (000002d0)
                      Extracted C[1][3] =         660 (00000294)
[4235000] [TB] Finished reading from SRAM C.
------------------------------------------------------------------------------------
[4235000] [TB_CONTENT_CHECK] Before final comparison (actual_c_from_sram content):
    actual_c_from_sram[0][0] =       1078 (00000436)
    actual_c_from_sram[0][1] =        937 (000003a9)
    actual_c_from_sram[0][2] =        871 (00000367)
    actual_c_from_sram[0][3] =        865 (00000361)
------------------------------------------------------------------------------------
[4235000] [TB] Verifying results against accumulated expected_c_tile...
[4235000] [TB_VERIFY_ERR] Mismatch at C_tile[0][0]'s element [ 0][ 0]: Expected_Accum =         650, Actual =        1078
[4235000] [TB_VERIFY_ERR] Mismatch at C_tile[0][0]'s element [ 0][ 1]: Expected_Accum =         566, Actual =         937
[4235000] [TB_VERIFY_ERR] Mismatch at C_tile[0][0]'s element [ 0][ 2]: Expected_Accum =         527, Actual =         871
[4235000] [TB_VERIFY_ERR] Mismatch at C_tile[0][0]'s element [ 0][ 3]: Expected_Accum =         518, Actual =         865
[4235000] [TB_VERIFY_ERR] Mismatch at C_tile[0][0]'s element [ 0][ 4]: Expected_Accum =         559, Actual =         929
[4235000] [TB_VERIFY_ERR] Mismatch at C_tile[0][0]'s element [ 0][ 5]: Expected_Accum =         650, Actual =        1078
[4235000] [TB_VERIFY_ERR] Mismatch at C_tile[0][0]'s element [ 0][ 6]: Expected_Accum =         566, Actual =         937
[4235000] [TB_VERIFY_ERR] Mismatch at C_tile[0][0]'s element [ 0][ 7]: Expected_Accum =         527, Actual =         871
[4235000] [TB_VERIFY_ERR] Mismatch at C_tile[0][0]'s element [ 0][ 8]: Expected_Accum =         518, Actual =         865
[4235000] [TB_VERIFY_ERR] Mismatch at C_tile[0][0]'s element [ 0][ 9]: Expected_Accum =         559, Actual =         929
[4235000] [TB_VERIFY_ERR] Mismatch at C_tile[0][0]'s element [ 0][10]: Expected_Accum =         650, Actual =        1078
[4235000] [TB_VERIFY_ERR] Mismatch at C_tile[0][0]'s element [ 0][11]: Expected_Accum =         566, Actual =         937
[4235000] [TB_VERIFY_ERR] Mismatch at C_tile[0][0]'s element [ 0][12]: Expected_Accum =         527, Actual =         871
[4235000] [TB_VERIFY_ERR] Mismatch at C_tile[0][0]'s element [ 0][13]: Expected_Accum =         518, Actual =         865
[4235000] [TB_VERIFY_ERR] Mismatch at C_tile[0][0]'s element [ 0][14]: Expected_Accum =         559, Actual =         929
[4235000] [TB_VERIFY_ERR] Mismatch at C_tile[0][0]'s element [ 0][15]: Expected_Accum =         650, Actual =        1078
[4235000] [TB_VERIFY_ERR] Mismatch at C_tile[0][0]'s element [ 1][ 0]: Expected_Accum =         569, Actual =         753
[4235000] [TB_VERIFY_ERR] Mismatch at C_tile[0][0]'s element [ 1][ 1]: Expected_Accum =         668, Actual =         840
[4235000] [TB_VERIFY_ERR] Mismatch at C_tile[0][0]'s element [ 1][ 2]: Expected_Accum =         587, Actual =         720
[4235000] [TB_VERIFY_ERR] Mismatch at C_tile[0][0]'s element [ 1][ 3]: Expected_Accum =         531, Actual =         660
[4235000] [TB_VERIFY_ERR] Mismatch at C_tile[0][0]'s element [ 1][ 4]: Expected_Accum =         525, Actual =         660
[4235000] [TB_VERIFY_ERR] Mismatch at C_tile[0][0]'s element [ 1][ 5]: Expected_Accum =         569, Actual =         720
[4235000] [TB_VERIFY_ERR] Mismatch at C_tile[0][0]'s element [ 1][ 6]: Expected_Accum =         668, Actual =         840
[4235000] [TB_VERIFY_ERR] Mismatch at C_tile[0][0]'s element [ 1][ 7]: Expected_Accum =         587, Actual =         720
[4235000] [TB_VERIFY_ERR] Mismatch at C_tile[0][0]'s element [ 1][ 8]: Expected_Accum =         531, Actual =         660
[4235000] [TB_VERIFY_ERR] Mismatch at C_tile[0][0]'s element [ 1][ 9]: Expected_Accum =         525, Actual =         660
[4235000] [TB_VERIFY_ERR] Mismatch at C_tile[0][0]'s element [ 1][10]: Expected_Accum =         569, Actual =         720
[4235000] [TB_VERIFY_ERR] Mismatch at C_tile[0][0]'s element [ 1][11]: Expected_Accum =         668, Actual =         840
[4235000] [TB_VERIFY_ERR] Mismatch at C_tile[0][0]'s element [ 1][12]: Expected_Accum =         587, Actual =         720
[4235000] [TB_VERIFY_ERR] Mismatch at C_tile[0][0]'s element [ 1][13]: Expected_Accum =         531, Actual =         660
[4235000] [TB_VERIFY_ERR] Mismatch at C_tile[0][0]'s element [ 1][14]: Expected_Accum =         525, Actual =         660
[4235000] [TB_VERIFY_ERR] Mismatch at C_tile[0][0]'s element [ 1][15]: Expected_Accum =         569, Actual =         720
[4235000] [TB_VERIFY_ERR] Mismatch at C_tile[0][0]'s element [ 2][ 1]: Expected_Accum =         590, Actual =         540
[4235000] [TB_VERIFY_ERR] Mismatch at C_tile[0][0]'s element [ 2][ 2]: Expected_Accum =         692, Actual =         592
[4235000] [TB_VERIFY_ERR] Mismatch at C_tile[0][0]'s element [ 2][ 3]: Expected_Accum =         589, Actual =         493
[4235000] [TB_VERIFY_ERR] Mismatch at C_tile[0][0]'s element [ 2][ 4]: Expected_Accum =         536, Actual =         459
[4235000] [TB_VERIFY_ERR] Mismatch at C_tile[0][0]'s element [ 2][ 5]: Expected_Accum =         533, Actual =         465
[4235000] [TB_VERIFY_ERR] Mismatch at C_tile[0][0]'s element [ 2][ 6]: Expected_Accum =         590, Actual =         511
[4235000] [TB_VERIFY_ERR] Mismatch at C_tile[0][0]'s element [ 2][ 7]: Expected_Accum =         692, Actual =         592
[4235000] [TB_VERIFY_ERR] Mismatch at C_tile[0][0]'s element [ 2][ 8]: Expected_Accum =         589, Actual =         493
[4235000] [TB_VERIFY_ERR] Mismatch at C_tile[0][0]'s element [ 2][ 9]: Expected_Accum =         536, Actual =         459
[4235000] [TB_VERIFY_ERR] Mismatch at C_tile[0][0]'s element [ 2][10]: Expected_Accum =         533, Actual =         465
[4235000] [TB_VERIFY_ERR] Mismatch at C_tile[0][0]'s element [ 2][11]: Expected_Accum =         590, Actual =         511
[4235000] [TB_VERIFY_ERR] Mismatch at C_tile[0][0]'s element [ 2][12]: Expected_Accum =         692, Actual =         592
[4235000] [TB_VERIFY_ERR] Mismatch at C_tile[0][0]'s element [ 2][13]: Expected_Accum =         589, Actual =         493
[4235000] [TB_VERIFY_ERR] Mismatch at C_tile[0][0]'s element [ 2][14]: Expected_Accum =         536, Actual =         459
[4235000] [TB_VERIFY_ERR] Mismatch at C_tile[0][0]'s element [ 2][15]: Expected_Accum =         533, Actual =         465
[4235000] [TB_VERIFY_ERR] Mismatch at C_tile[0][0]'s element [ 3][ 0]: Expected_Accum =         522, Actual =         695
[4235000] [TB_VERIFY_ERR] Mismatch at C_tile[0][0]'s element [ 3][ 1]: Expected_Accum =         532, Actual =         660
[4235000] [TB_VERIFY_ERR] Mismatch at C_tile[0][0]'s element [ 3][ 2]: Expected_Accum =         587, Actual =         661
[4235000] [TB_VERIFY_ERR] Mismatch at C_tile[0][0]'s element [ 3][ 3]: Expected_Accum =         682, Actual =         722
[4235000] [TB_VERIFY_ERR] Mismatch at C_tile[0][0]'s element [ 3][ 4]: Expected_Accum =         577, Actual =         601
[4235000] [TB_VERIFY_ERR] Mismatch at C_tile[0][0]'s element [ 3][ 5]: Expected_Accum =         522, Actual =         555
[4235000] [TB_VERIFY_ERR] Mismatch at C_tile[0][0]'s element [ 3][ 6]: Expected_Accum =         532, Actual =         574
[4235000] [TB_VERIFY_ERR] Mismatch at C_tile[0][0]'s element [ 3][ 7]: Expected_Accum =         587, Actual =         628
[4235000] [TB_VERIFY_ERR] Mismatch at C_tile[0][0]'s element [ 3][ 8]: Expected_Accum =         682, Actual =         722
[4235000] [TB_VERIFY_ERR] Mismatch at C_tile[0][0]'s element [ 3][ 9]: Expected_Accum =         577, Actual =         601
[4235000] [TB_VERIFY_ERR] Mismatch at C_tile[0][0]'s element [ 3][10]: Expected_Accum =         522, Actual =         555
[4235000] [TB_VERIFY_ERR] Mismatch at C_tile[0][0]'s element [ 3][11]: Expected_Accum =         532, Actual =         574
[4235000] [TB_VERIFY_ERR] Mismatch at C_tile[0][0]'s element [ 3][12]: Expected_Accum =         587, Actual =         628
[4235000] [TB_VERIFY_ERR] Mismatch at C_tile[0][0]'s element [ 3][13]: Expected_Accum =         682, Actual =         722
[4235000] [TB_VERIFY_ERR] Mismatch at C_tile[0][0]'s element [ 3][14]: Expected_Accum =         577, Actual =         601
[4235000] [TB_VERIFY_ERR] Mismatch at C_tile[0][0]'s element [ 3][15]: Expected_Accum =         522, Actual =         555
[4235000] [TB_VERIFY_ERR] Mismatch at C_tile[0][0]'s element [ 4][ 1]: Expected_Accum =         524, Actual =         495
[4235000] [TB_VERIFY_ERR] Mismatch at C_tile[0][0]'s element [ 4][ 2]: Expected_Accum =         532, Actual =         458
[4235000] [TB_VERIFY_ERR] Mismatch at C_tile[0][0]'s element [ 4][ 3]: Expected_Accum =         575, Actual =         443
[4235000] [TB_VERIFY_ERR] Mismatch at C_tile[0][0]'s element [ 4][ 4]: Expected_Accum =         668, Actual =         478
[4235000] [TB_VERIFY_ERR] Mismatch at C_tile[0][0]'s element [ 4][ 5]: Expected_Accum =         561, Actual =         407
[4235000] [TB_VERIFY_ERR] Mismatch at C_tile[0][0]'s element [ 4][ 6]: Expected_Accum =         524, Actual =         391
[4235000] [TB_VERIFY_ERR] Mismatch at C_tile[0][0]'s element [ 4][ 7]: Expected_Accum =         532, Actual =         390
[4235000] [TB_VERIFY_ERR] Mismatch at C_tile[0][0]'s element [ 4][ 8]: Expected_Accum =         575, Actual =         414
[4235000] [TB_VERIFY_ERR] Mismatch at C_tile[0][0]'s element [ 4][ 9]: Expected_Accum =         668, Actual =         478
[4235000] [TB_VERIFY_ERR] Mismatch at C_tile[0][0]'s element [ 4][10]: Expected_Accum =         561, Actual =         407
[4235000] [TB_VERIFY_ERR] Mismatch at C_tile[0][0]'s element [ 4][11]: Expected_Accum =         524, Actual =         391
[4235000] [TB_VERIFY_ERR] Mismatch at C_tile[0][0]'s element [ 4][12]: Expected_Accum =         532, Actual =         390
[4235000] [TB_VERIFY_ERR] Mismatch at C_tile[0][0]'s element [ 4][13]: Expected_Accum =         575, Actual =         414
[4235000] [TB_VERIFY_ERR] Mismatch at C_tile[0][0]'s element [ 4][14]: Expected_Accum =         668, Actual =         478
[4235000] [TB_VERIFY_ERR] Mismatch at C_tile[0][0]'s element [ 4][15]: Expected_Accum =         561, Actual =         407
[4235000] [TB_VERIFY_ERR] Mismatch at C_tile[0][0]'s element [ 5][ 1]: Expected_Accum =         566, Actual =         540
[4235000] [TB_VERIFY_ERR] Mismatch at C_tile[0][0]'s element [ 5][ 2]: Expected_Accum =         527, Actual =         466
[4235000] [TB_VERIFY_ERR] Mismatch at C_tile[0][0]'s element [ 5][ 3]: Expected_Accum =         518, Actual =         421
[4235000] [TB_VERIFY_ERR] Mismatch at C_tile[0][0]'s element [ 5][ 4]: Expected_Accum =         559, Actual =         408
[4235000] [TB_VERIFY_ERR] Mismatch at C_tile[0][0]'s element [ 5][ 5]: Expected_Accum =         650, Actual =         440
[4235000] [TB_VERIFY_ERR] Mismatch at C_tile[0][0]'s element [ 5][ 6]: Expected_Accum =         566, Actual =         386
[4235000] [TB_VERIFY_ERR] Mismatch at C_tile[0][0]'s element [ 5][ 7]: Expected_Accum =         527, Actual =         362
[4235000] [TB_VERIFY_ERR] Mismatch at C_tile[0][0]'s element [ 5][ 8]: Expected_Accum =         518, Actual =         353
[4235000] [TB_VERIFY_ERR] Mismatch at C_tile[0][0]'s element [ 5][ 9]: Expected_Accum =         559, Actual =         379
[4235000] [TB_VERIFY_ERR] Mismatch at C_tile[0][0]'s element [ 5][10]: Expected_Accum =         650, Actual =         440
[4235000] [TB_VERIFY_ERR] Mismatch at C_tile[0][0]'s element [ 5][11]: Expected_Accum =         566, Actual =         386
[4235000] [TB_VERIFY_ERR] Mismatch at C_tile[0][0]'s element [ 5][12]: Expected_Accum =         527, Actual =         362
[4235000] [TB_VERIFY_ERR] Mismatch at C_tile[0][0]'s element [ 5][13]: Expected_Accum =         518, Actual =         353
[4235000] [TB_VERIFY_ERR] Mismatch at C_tile[0][0]'s element [ 5][14]: Expected_Accum =         559, Actual =         379
[4235000] [TB_VERIFY_ERR] Mismatch at C_tile[0][0]'s element [ 5][15]: Expected_Accum =         650, Actual =         440
[4235000] [TB_VERIFY_ERR] Mismatch at C_tile[0][0]'s element [ 6][ 1]: Expected_Accum =         668, Actual =         630
[4235000] [TB_VERIFY_ERR] Mismatch at C_tile[0][0]'s element [ 6][ 2]: Expected_Accum =         587, Actual =         514
[4235000] [TB_VERIFY_ERR] Mismatch at C_tile[0][0]'s element [ 6][ 3]: Expected_Accum =         531, Actual =         434
[4235000] [TB_VERIFY_ERR] Mismatch at C_tile[0][0]'s element [ 6][ 4]: Expected_Accum =         525, Actual =         398
[4235000] [TB_VERIFY_ERR] Mismatch at C_tile[0][0]'s element [ 6][ 5]: Expected_Accum =         569, Actual =         389
[4235000] [TB_VERIFY_ERR] Mismatch at C_tile[0][0]'s element [ 6][ 6]: Expected_Accum =         668, Actual =         420
[4235000] [TB_VERIFY_ERR] Mismatch at C_tile[0][0]'s element [ 6][ 7]: Expected_Accum =         587, Actual =         360
[4235000] [TB_VERIFY_ERR] Mismatch at C_tile[0][0]'s element [ 6][ 8]: Expected_Accum =         531, Actual =         330
[4235000] [TB_VERIFY_ERR] Mismatch at C_tile[0][0]'s element [ 6][ 9]: Expected_Accum =         525, Actual =         330
[4235000] [TB_VERIFY_ERR] Mismatch at C_tile[0][0]'s element [ 6][10]: Expected_Accum =         569, Actual =         360
[4235000] [TB_VERIFY_ERR] Mismatch at C_tile[0][0]'s element [ 6][11]: Expected_Accum =         668, Actual =         420
[4235000] [TB_VERIFY_ERR] Mismatch at C_tile[0][0]'s element [ 6][12]: Expected_Accum =         587, Actual =         360
[4235000] [TB_VERIFY_ERR] Mismatch at C_tile[0][0]'s element [ 6][13]: Expected_Accum =         531, Actual =         330
[4235000] [TB_VERIFY_ERR] Mismatch at C_tile[0][0]'s element [ 6][14]: Expected_Accum =         525, Actual =         330
[4235000] [TB_VERIFY_ERR] Mismatch at C_tile[0][0]'s element [ 6][15]: Expected_Accum =         569, Actual =         360
[4235000] [TB_VERIFY_ERR] Mismatch at C_tile[0][0]'s element [ 7][ 1]: Expected_Accum =         590, Actual =         540
[4235000] [TB_VERIFY_ERR] Mismatch at C_tile[0][0]'s element [ 7][ 2]: Expected_Accum =         692, Actual =         592
[4235000] [TB_VERIFY_ERR] Mismatch at C_tile[0][0]'s element [ 7][ 3]: Expected_Accum =         589, Actual =         467
[4235000] [TB_VERIFY_ERR] Mismatch at C_tile[0][0]'s element [ 7][ 4]: Expected_Accum =         536, Actual =         398
[4235000] [TB_VERIFY_ERR] Mismatch at C_tile[0][0]'s element [ 7][ 5]: Expected_Accum =         533, Actual =         368
[4235000] [TB_VERIFY_ERR] Mismatch at C_tile[0][0]'s element [ 7][ 6]: Expected_Accum =         590, Actual =         360
[4235000] [TB_VERIFY_ERR] Mismatch at C_tile[0][0]'s element [ 7][ 7]: Expected_Accum =         692, Actual =         382
[4235000] [TB_VERIFY_ERR] Mismatch at C_tile[0][0]'s element [ 7][ 8]: Expected_Accum =         589, Actual =         313
[4235000] [TB_VERIFY_ERR] Mismatch at C_tile[0][0]'s element [ 7][ 9]: Expected_Accum =         536, Actual =         294
[4235000] [TB_VERIFY_ERR] Mismatch at C_tile[0][0]'s element [ 7][10]: Expected_Accum =         533, Actual =         300
[4235000] [TB_VERIFY_ERR] Mismatch at C_tile[0][0]'s element [ 7][11]: Expected_Accum =         590, Actual =         331
[4235000] [TB_VERIFY_ERR] Mismatch at C_tile[0][0]'s element [ 7][12]: Expected_Accum =         692, Actual =         382
[4235000] [TB_VERIFY_ERR] Mismatch at C_tile[0][0]'s element [ 7][13]: Expected_Accum =         589, Actual =         313
[4235000] [TB_VERIFY_ERR] Mismatch at C_tile[0][0]'s element [ 7][14]: Expected_Accum =         536, Actual =         294
[4235000] [TB_VERIFY_ERR] Mismatch at C_tile[0][0]'s element [ 7][15]: Expected_Accum =         533, Actual =         300
[4235000] [TB_VERIFY_ERR] Mismatch at C_tile[0][0]'s element [ 8][ 1]: Expected_Accum =         532, Actual =         495
[4235000] [TB_VERIFY_ERR] Mismatch at C_tile[0][0]'s element [ 8][ 2]: Expected_Accum =         587, Actual =         490
[4235000] [TB_VERIFY_ERR] Mismatch at C_tile[0][0]'s element [ 8][ 3]: Expected_Accum =         682, Actual =         530
[4235000] [TB_VERIFY_ERR] Mismatch at C_tile[0][0]'s element [ 8][ 4]: Expected_Accum =         577, Actual =         418
[4235000] [TB_VERIFY_ERR] Mismatch at C_tile[0][0]'s element [ 8][ 5]: Expected_Accum =         522, Actual =         357
[4235000] [TB_VERIFY_ERR] Mismatch at C_tile[0][0]'s element [ 8][ 6]: Expected_Accum =         532, Actual =         330
[4235000] [TB_VERIFY_ERR] Mismatch at C_tile[0][0]'s element [ 8][ 7]: Expected_Accum =         587, Actual =         310
[4235000] [TB_VERIFY_ERR] Mismatch at C_tile[0][0]'s element [ 8][ 8]: Expected_Accum =         682, Actual =         320
[4235000] [TB_VERIFY_ERR] Mismatch at C_tile[0][0]'s element [ 8][ 9]: Expected_Accum =         577, Actual =         264
[4235000] [TB_VERIFY_ERR] Mismatch at C_tile[0][0]'s element [ 8][10]: Expected_Accum =         522, Actual =         253
[4235000] [TB_VERIFY_ERR] Mismatch at C_tile[0][0]'s element [ 8][11]: Expected_Accum =         532, Actual =         262
[4235000] [TB_VERIFY_ERR] Mismatch at C_tile[0][0]'s element [ 8][12]: Expected_Accum =         587, Actual =         281
[4235000] [TB_VERIFY_ERR] Mismatch at C_tile[0][0]'s element [ 8][13]: Expected_Accum =         682, Actual =         320
[4235000] [TB_VERIFY_ERR] Mismatch at C_tile[0][0]'s element [ 8][14]: Expected_Accum =         577, Actual =         264
[4235000] [TB_VERIFY_ERR] Mismatch at C_tile[0][0]'s element [ 8][15]: Expected_Accum =         522, Actual =         253
[4235000] [TB_VERIFY_ERR] Mismatch at C_tile[0][0]'s element [ 9][ 1]: Expected_Accum =         524, Actual =         495
[4235000] [TB_VERIFY_ERR] Mismatch at C_tile[0][0]'s element [ 9][ 2]: Expected_Accum =         532, Actual =         458
[4235000] [TB_VERIFY_ERR] Mismatch at C_tile[0][0]'s element [ 9][ 3]: Expected_Accum =         575, Actual =         443
[4235000] [TB_VERIFY_ERR] Mismatch at C_tile[0][0]'s element [ 9][ 4]: Expected_Accum =         668, Actual =         478
[4235000] [TB_VERIFY_ERR] Mismatch at C_tile[0][0]'s element [ 9][ 5]: Expected_Accum =         561, Actual =         381
[4235000] [TB_VERIFY_ERR] Mismatch at C_tile[0][0]'s element [ 9][ 6]: Expected_Accum =         524, Actual =         330
[4235000] [TB_VERIFY_ERR] Mismatch at C_tile[0][0]'s element [ 9][ 7]: Expected_Accum =         532, Actual =         293
[4235000] [TB_VERIFY_ERR] Mismatch at C_tile[0][0]'s element [ 9][ 8]: Expected_Accum =         575, Actual =         263
[4235000] [TB_VERIFY_ERR] Mismatch at C_tile[0][0]'s element [ 9][ 9]: Expected_Accum =         668, Actual =         268
[4235000] [TB_VERIFY_ERR] Mismatch at C_tile[0][0]'s element [ 9][10]: Expected_Accum =         561, Actual =         227
[4235000] [TB_VERIFY_ERR] Mismatch at C_tile[0][0]'s element [ 9][11]: Expected_Accum =         524, Actual =         226
[4235000] [TB_VERIFY_ERR] Mismatch at C_tile[0][0]'s element [ 9][12]: Expected_Accum =         532, Actual =         225
[4235000] [TB_VERIFY_ERR] Mismatch at C_tile[0][0]'s element [ 9][13]: Expected_Accum =         575, Actual =         234
[4235000] [TB_VERIFY_ERR] Mismatch at C_tile[0][0]'s element [ 9][14]: Expected_Accum =         668, Actual =         268
[4235000] [TB_VERIFY_ERR] Mismatch at C_tile[0][0]'s element [ 9][15]: Expected_Accum =         561, Actual =         227
[4235000] [TB_VERIFY_ERR] Mismatch at C_tile[0][0]'s element [10][ 1]: Expected_Accum =         566, Actual =         540
[4235000] [TB_VERIFY_ERR] Mismatch at C_tile[0][0]'s element [10][ 2]: Expected_Accum =         527, Actual =         466
[4235000] [TB_VERIFY_ERR] Mismatch at C_tile[0][0]'s element [10][ 3]: Expected_Accum =         518, Actual =         421
[4235000] [TB_VERIFY_ERR] Mismatch at C_tile[0][0]'s element [10][ 4]: Expected_Accum =         559, Actual =         408
[4235000] [TB_VERIFY_ERR] Mismatch at C_tile[0][0]'s element [10][ 5]: Expected_Accum =         650, Actual =         440
[4235000] [TB_VERIFY_ERR] Mismatch at C_tile[0][0]'s element [10][ 6]: Expected_Accum =         566, Actual =         360
[4235000] [TB_VERIFY_ERR] Mismatch at C_tile[0][0]'s element [10][ 7]: Expected_Accum =         527, Actual =         301
[4235000] [TB_VERIFY_ERR] Mismatch at C_tile[0][0]'s element [10][ 8]: Expected_Accum =         518, Actual =         256
[4235000] [TB_VERIFY_ERR] Mismatch at C_tile[0][0]'s element [10][ 9]: Expected_Accum =         559, Actual =         228
[4235000] [TB_VERIFY_ERR] Mismatch at C_tile[0][0]'s element [10][10]: Expected_Accum =         650, Actual =         230
[4235000] [TB_VERIFY_ERR] Mismatch at C_tile[0][0]'s element [10][11]: Expected_Accum =         566, Actual =         206
[4235000] [TB_VERIFY_ERR] Mismatch at C_tile[0][0]'s element [10][12]: Expected_Accum =         527, Actual =         197
[4235000] [TB_VERIFY_ERR] Mismatch at C_tile[0][0]'s element [10][13]: Expected_Accum =         518, Actual =         188
[4235000] [TB_VERIFY_ERR] Mismatch at C_tile[0][0]'s element [10][14]: Expected_Accum =         559, Actual =         199
[4235000] [TB_VERIFY_ERR] Mismatch at C_tile[0][0]'s element [10][15]: Expected_Accum =         650, Actual =         230
[4235000] [TB_VERIFY_ERR] Mismatch at C_tile[0][0]'s element [11][ 1]: Expected_Accum =         668, Actual =         630
[4235000] [TB_VERIFY_ERR] Mismatch at C_tile[0][0]'s element [11][ 2]: Expected_Accum =         587, Actual =         514
[4235000] [TB_VERIFY_ERR] Mismatch at C_tile[0][0]'s element [11][ 3]: Expected_Accum =         531, Actual =         434
[4235000] [TB_VERIFY_ERR] Mismatch at C_tile[0][0]'s element [11][ 4]: Expected_Accum =         525, Actual =         398
[4235000] [TB_VERIFY_ERR] Mismatch at C_tile[0][0]'s element [11][ 5]: Expected_Accum =         569, Actual =         389
[4235000] [TB_VERIFY_ERR] Mismatch at C_tile[0][0]'s element [11][ 6]: Expected_Accum =         668, Actual =         420
[4235000] [TB_VERIFY_ERR] Mismatch at C_tile[0][0]'s element [11][ 7]: Expected_Accum =         587, Actual =         334
[4235000] [TB_VERIFY_ERR] Mismatch at C_tile[0][0]'s element [11][ 8]: Expected_Accum =         531, Actual =         269
[4235000] [TB_VERIFY_ERR] Mismatch at C_tile[0][0]'s element [11][ 9]: Expected_Accum =         525, Actual =         233
[4235000] [TB_VERIFY_ERR] Mismatch at C_tile[0][0]'s element [11][10]: Expected_Accum =         569, Actual =         209
[4235000] [TB_VERIFY_ERR] Mismatch at C_tile[0][0]'s element [11][11]: Expected_Accum =         668, Actual =         210
[4235000] [TB_VERIFY_ERR] Mismatch at C_tile[0][0]'s element [11][12]: Expected_Accum =         587, Actual =         180
[4235000] [TB_VERIFY_ERR] Mismatch at C_tile[0][0]'s element [11][13]: Expected_Accum =         531, Actual =         165
[4235000] [TB_VERIFY_ERR] Mismatch at C_tile[0][0]'s element [11][14]: Expected_Accum =         525, Actual =         165
[4235000] [TB_VERIFY_ERR] Mismatch at C_tile[0][0]'s element [11][15]: Expected_Accum =         569, Actual =         180
[4235000] [TB_VERIFY_ERR] Mismatch at C_tile[0][0]'s element [12][ 1]: Expected_Accum =         590, Actual =         540
[4235000] [TB_VERIFY_ERR] Mismatch at C_tile[0][0]'s element [12][ 2]: Expected_Accum =         692, Actual =         592
[4235000] [TB_VERIFY_ERR] Mismatch at C_tile[0][0]'s element [12][ 3]: Expected_Accum =         589, Actual =         467
[4235000] [TB_VERIFY_ERR] Mismatch at C_tile[0][0]'s element [12][ 4]: Expected_Accum =         536, Actual =         398
[4235000] [TB_VERIFY_ERR] Mismatch at C_tile[0][0]'s element [12][ 5]: Expected_Accum =         533, Actual =         368
[4235000] [TB_VERIFY_ERR] Mismatch at C_tile[0][0]'s element [12][ 6]: Expected_Accum =         590, Actual =         360
[4235000] [TB_VERIFY_ERR] Mismatch at C_tile[0][0]'s element [12][ 7]: Expected_Accum =         692, Actual =         382
[4235000] [TB_VERIFY_ERR] Mismatch at C_tile[0][0]'s element [12][ 8]: Expected_Accum =         589, Actual =         287
[4235000] [TB_VERIFY_ERR] Mismatch at C_tile[0][0]'s element [12][ 9]: Expected_Accum =         536, Actual =         233
[4235000] [TB_VERIFY_ERR] Mismatch at C_tile[0][0]'s element [12][10]: Expected_Accum =         533, Actual =         203
[4235000] [TB_VERIFY_ERR] Mismatch at C_tile[0][0]'s element [12][11]: Expected_Accum =         590, Actual =         180
[4235000] [TB_VERIFY_ERR] Mismatch at C_tile[0][0]'s element [12][12]: Expected_Accum =         692, Actual =         172
[4235000] [TB_VERIFY_ERR] Mismatch at C_tile[0][0]'s element [12][13]: Expected_Accum =         589, Actual =         133
[4235000] [TB_VERIFY_ERR] Mismatch at C_tile[0][0]'s element [12][14]: Expected_Accum =         536, Actual =         129
[4235000] [TB_VERIFY_ERR] Mismatch at C_tile[0][0]'s element [12][15]: Expected_Accum =         533, Actual =         135
[4235000] [TB_VERIFY_ERR] Mismatch at C_tile[0][0]'s element [13][ 1]: Expected_Accum =         532, Actual =         495
[4235000] [TB_VERIFY_ERR] Mismatch at C_tile[0][0]'s element [13][ 2]: Expected_Accum =         587, Actual =         490
[4235000] [TB_VERIFY_ERR] Mismatch at C_tile[0][0]'s element [13][ 3]: Expected_Accum =         682, Actual =         530
[4235000] [TB_VERIFY_ERR] Mismatch at C_tile[0][0]'s element [13][ 4]: Expected_Accum =         577, Actual =         418
[4235000] [TB_VERIFY_ERR] Mismatch at C_tile[0][0]'s element [13][ 5]: Expected_Accum =         522, Actual =         357
[4235000] [TB_VERIFY_ERR] Mismatch at C_tile[0][0]'s element [13][ 6]: Expected_Accum =         532, Actual =         330
[4235000] [TB_VERIFY_ERR] Mismatch at C_tile[0][0]'s element [13][ 7]: Expected_Accum =         587, Actual =         310
[4235000] [TB_VERIFY_ERR] Mismatch at C_tile[0][0]'s element [13][ 8]: Expected_Accum =         682, Actual =         320
[4235000] [TB_VERIFY_ERR] Mismatch at C_tile[0][0]'s element [13][ 9]: Expected_Accum =         577, Actual =         238
[4235000] [TB_VERIFY_ERR] Mismatch at C_tile[0][0]'s element [13][10]: Expected_Accum =         522, Actual =         192
[4235000] [TB_VERIFY_ERR] Mismatch at C_tile[0][0]'s element [13][11]: Expected_Accum =         532, Actual =         165
[4235000] [TB_VERIFY_ERR] Mismatch at C_tile[0][0]'s element [13][12]: Expected_Accum =         587, Actual =         130
[4235000] [TB_VERIFY_ERR] Mismatch at C_tile[0][0]'s element [13][13]: Expected_Accum =         682, Actual =         110
[4235000] [TB_VERIFY_ERR] Mismatch at C_tile[0][0]'s element [13][14]: Expected_Accum =         577, Actual =          84
[4235000] [TB_VERIFY_ERR] Mismatch at C_tile[0][0]'s element [13][15]: Expected_Accum =         522, Actual =          88
[4235000] [TB_VERIFY_ERR] Mismatch at C_tile[0][0]'s element [14][ 1]: Expected_Accum =         524, Actual =         495
[4235000] [TB_VERIFY_ERR] Mismatch at C_tile[0][0]'s element [14][ 2]: Expected_Accum =         532, Actual =         458
[4235000] [TB_VERIFY_ERR] Mismatch at C_tile[0][0]'s element [14][ 3]: Expected_Accum =         575, Actual =         443
[4235000] [TB_VERIFY_ERR] Mismatch at C_tile[0][0]'s element [14][ 4]: Expected_Accum =         668, Actual =         478
[4235000] [TB_VERIFY_ERR] Mismatch at C_tile[0][0]'s element [14][ 5]: Expected_Accum =         561, Actual =         381
[4235000] [TB_VERIFY_ERR] Mismatch at C_tile[0][0]'s element [14][ 6]: Expected_Accum =         524, Actual =         330
[4235000] [TB_VERIFY_ERR] Mismatch at C_tile[0][0]'s element [14][ 7]: Expected_Accum =         532, Actual =         293
[4235000] [TB_VERIFY_ERR] Mismatch at C_tile[0][0]'s element [14][ 8]: Expected_Accum =         575, Actual =         263
[4235000] [TB_VERIFY_ERR] Mismatch at C_tile[0][0]'s element [14][ 9]: Expected_Accum =         668, Actual =         268
[4235000] [TB_VERIFY_ERR] Mismatch at C_tile[0][0]'s element [14][10]: Expected_Accum =         561, Actual =         201
[4235000] [TB_VERIFY_ERR] Mismatch at C_tile[0][0]'s element [14][11]: Expected_Accum =         524, Actual =         165
[4235000] [TB_VERIFY_ERR] Mismatch at C_tile[0][0]'s element [14][12]: Expected_Accum =         532, Actual =         128
[4235000] [TB_VERIFY_ERR] Mismatch at C_tile[0][0]'s element [14][13]: Expected_Accum =         575, Actual =          83
[4235000] [TB_VERIFY_ERR] Mismatch at C_tile[0][0]'s element [14][14]: Expected_Accum =         668, Actual =          58
[4235000] [TB_VERIFY_ERR] Mismatch at C_tile[0][0]'s element [14][15]: Expected_Accum =         561, Actual =          47
[4235000] [TB_VERIFY_ERR] Mismatch at C_tile[0][0]'s element [15][ 1]: Expected_Accum =         566, Actual =         540
[4235000] [TB_VERIFY_ERR] Mismatch at C_tile[0][0]'s element [15][ 2]: Expected_Accum =         527, Actual =         466
[4235000] [TB_VERIFY_ERR] Mismatch at C_tile[0][0]'s element [15][ 3]: Expected_Accum =         518, Actual =         421
[4235000] [TB_VERIFY_ERR] Mismatch at C_tile[0][0]'s element [15][ 4]: Expected_Accum =         559, Actual =         408
[4235000] [TB_VERIFY_ERR] Mismatch at C_tile[0][0]'s element [15][ 5]: Expected_Accum =         650, Actual =         440
[4235000] [TB_VERIFY_ERR] Mismatch at C_tile[0][0]'s element [15][ 6]: Expected_Accum =         566, Actual =         360
[4235000] [TB_VERIFY_ERR] Mismatch at C_tile[0][0]'s element [15][ 7]: Expected_Accum =         527, Actual =         301
[4235000] [TB_VERIFY_ERR] Mismatch at C_tile[0][0]'s element [15][ 8]: Expected_Accum =         518, Actual =         256
[4235000] [TB_VERIFY_ERR] Mismatch at C_tile[0][0]'s element [15][ 9]: Expected_Accum =         559, Actual =         228
[4235000] [TB_VERIFY_ERR] Mismatch at C_tile[0][0]'s element [15][10]: Expected_Accum =         650, Actual =         230
[4235000] [TB_VERIFY_ERR] Mismatch at C_tile[0][0]'s element [15][11]: Expected_Accum =         566, Actual =         180
[4235000] [TB_VERIFY_ERR] Mismatch at C_tile[0][0]'s element [15][12]: Expected_Accum =         527, Actual =         136
[4235000] [TB_VERIFY_ERR] Mismatch at C_tile[0][0]'s element [15][13]: Expected_Accum =         518, Actual =          91
[4235000] [TB_VERIFY_ERR] Mismatch at C_tile[0][0]'s element [15][14]: Expected_Accum =         559, Actual =          48
[4235000] [TB_VERIFY_ERR] Mismatch at C_tile[0][0]'s element [15][15]: Expected_Accum =         650, Actual =          20
----------------------------------------------------------
ERROR: tb_compute_correctness.v:382: [4235000] [TB] FAILURE:         243 mismatches found in accumulated C_tile[0][0].
       Time: 4235000  Scope: tb_compute_correctness
----------------------------------------------------------
tb_compute_correctness.v:385: $finish called at 4235000 (1ps)
