
 /----------------------------------------------------------------------------\
 |  yosys -- Yosys Open SYnthesis Suite                                       |
 |  Copyright (C) 2012 - 2025  Claire Xenia Wolf <claire@yosyshq.com>         |
 |  Distributed under an ISC-like license, type "license" to see terms        |
 \----------------------------------------------------------------------------/
 Yosys 0.53+39 (git sha1 388955031, clang++ 18.1.8 -fPIC -O3)

-- Executing script file `-' --
[TCL: yosys -import] Command name collision: found pre-existing command `cd' -> skip.
[TCL: yosys -import] Command name collision: found pre-existing command `eval' -> skip.
[TCL: yosys -import] Command name collision: found pre-existing command `exec' -> skip.
[TCL: yosys -import] Command name collision: found pre-existing command `read' -> skip.
[TCL: yosys -import] Command name collision: found pre-existing command `trace' -> skip.

1. Executing Verilog-2005 frontend: .././output_synth_V4/accelerator-893MHz/accelerator.netlist.fixed.v
Parsing Verilog input from `.././output_synth_V4/accelerator-893MHz/accelerator.netlist.fixed.v' to AST representation.
Generating RTLIL representation for module `\accelerator'.
Successfully finished Verilog frontend.

2. Executing Liberty frontend: /data/stu25/s2300012738/lab8/yosys-sta/scripts/../pdk/nangate45/lib/Nangate45_typ.lib
Imported 134 cell types from liberty file.

3. Executing HIERARCHY pass (managing design hierarchy).

3.1. Analyzing design hierarchy..
Top module:  \accelerator

3.2. Analyzing design hierarchy..
Top module:  \accelerator
Removed 0 unused modules.

4. Executing CHECK pass (checking for obvious problems).
Checking module accelerator...
Warning: multiple conflicting drivers for accelerator.\comp_enb:
    port Z[0] of cell _369056_ (LOGIC0_X1)
    module input comp_enb[0]
Warning: multiple conflicting drivers for accelerator.\sram_a_ping_raddr [0]:
    port Z[0] of cell fanout_buf_672 (BUF_X8)
    port Z[0] of cell fanout_buf_663 (BUF_X8)
    port Q[0] of cell u_data_formatter.time_cnt_q_$_DFFE_PN0P__Q_5 (DFFR_X1)
Warning: multiple conflicting drivers for accelerator.\sram_a_ping_raddr [17]:
    port Z[0] of cell fanout_buf_677 (BUF_X8)
    port Z[0] of cell fanout_buf_673 (BUF_X8)
    port Q[0] of cell u_data_formatter.time_cnt_q_$_DFFE_PN0P__Q_4 (DFFR_X1)
Warning: multiple conflicting drivers for accelerator.\sram_a_ping_raddr [35]:
    port Z[0] of cell fanout_buf_678 (BUF_X8)
    port QN[0] of cell u_data_formatter.time_cnt_q_$_DFFE_PN0P__Q_2 (DFFR_X1)
Warning: Wire accelerator.\sram_b_pong_raddr [49] is used but has no driver.
Warning: Wire accelerator.\sram_b_pong_raddr [35] is used but has no driver.
Warning: Wire accelerator.\sram_b_pong_raddr [8] is used but has no driver.
Found and reported 7 problems.

5. Printing statistics.

=== accelerator ===

   Number of wires:             221275
   Number of wire bits:         224690
   Number of public wires:      221275
   Number of public wire bits:  224690
   Number of ports:                 39
   Number of port bits:           1773
   Number of memories:               0
   Number of memory bits:            0
   Number of processes:              0
   Number of cells:             203819
     AND2_X1                     21634
     AND2_X2                       601
     AND2_X4                       389
     AND3_X1                      5643
     AND3_X2                       164
     AND3_X4                       701
     AND4_X1                       659
     AND4_X2                         1
     AOI211_X1                     355
     AOI211_X2                     148
     AOI21_X1                     5973
     AOI21_X2                      677
     AOI21_X4                      784
     AOI221_X1                      29
     AOI221_X2                      10
     AOI221_X4                     593
     AOI22_X1                     3897
     BUF_X16                         4
     BUF_X2                        275
     BUF_X4                       1956
     BUF_X8                       1050
     CLKBUF_X2                     633
     CLKBUF_X3                       1
     CLKGATE_X1                    537
     DFFR_X1                     18815
     DFFS_X1                         1
     DFF_X1                        768
     INV_X1                      11481
     INV_X16                       201
     INV_X2                        272
     INV_X4                         59
     LOGIC0_X1                       1
     LOGIC1_X1                       1
     MUX2_X1                       976
     NAND2_X1                    35909
     NAND2_X2                      985
     NAND2_X4                      816
     NAND3_X1                     4072
     NAND3_X2                      404
     NAND3_X4                       85
     NAND4_X1                     1301
     NOR2_X1                     13296
     NOR2_X2                      1438
     NOR2_X4                      1032
     NOR3_X1                      5755
     NOR3_X2                       311
     NOR3_X4                       168
     NOR4_X1                       111
     NOR4_X2                        38
     NOR4_X4                        49
     OAI211_X1                     602
     OAI211_X2                       2
     OAI211_X4                      38
     OAI21_X1                     7015
     OAI21_X2                      498
     OAI21_X4                      560
     OAI221_X1                     361
     OAI22_X1                      623
     OR2_X1                       2241
     OR2_X2                         82
     OR2_X4                        336
     OR3_X1                       1140
     OR3_X2                        114
     OR3_X4                        104
     OR4_X1                        175
     OR4_X2                         10
     OR4_X4                         21
     XNOR2_X1                    14855
     XNOR2_X2                      398
     XOR2_X1                     29180
     XOR2_X2                       405

   Chip area for module '\accelerator': 329423.444001
     of which used for sequential elements: 103574.016000 (31.44%)

Warnings: 7 unique messages, 7 total
End of script. Logfile hash: 1fbd69f462, CPU: user 22.75s system 0.79s, MEM: 2016.87 MB peak
Yosys 0.53+39 (git sha1 388955031, clang++ 18.1.8 -fPIC -O3)
Time spent: 96% 2x read_verilog (22 sec), 1% 1x hierarchy (0 sec), ...
